// Jest Snapshot v1, https://goo.gl/fbAQLP

exports[`PropertyGallery components renders 1`] = `
<div
  className="property__gallery"
>
  <div
    className="property__image-wrapper"
  >
    <img
      alt="Canal View Prinsengracht"
      className="property__image"
      src="img/apartment-1.jpg"
    />
  </div>
</div>
`;
